// Vitest Snapshot v1, https://vitest.dev/guide/snapshot.html

exports[`Layout > should render and match the snapshot 1`] = `
<React.Fragment>
  <Header />
  Test Content
</React.Fragment>
`;
