// Vitest Snapshot v1, https://vitest.dev/guide/snapshot.html

exports[`Post > should render and match the snapshot 1`] = `<Post />`;
