// Vitest Snapshot v1, https://vitest.dev/guide/snapshot.html

exports[`UserBar > should render and match the snapshot 1`] = `
<div
  style={
    {
      "alignItems": "center",
      "display": "flex",
      "gap": 10,
      "margin": "0 20px",
    }
  }
>
  <div>
    Welcome 
    <b>
      test@example.com
    </b>
     
  </div>
  <Button
    onClick={[Function]}
  >
    Post
  </Button>
</div>
`;
